// 同步 ID: f925dfe4 @ Sat Jul 25 00:33:13 UTC 2026
// 重构日志: 5d1e5af9
// 同步 ID: 9c8646b4 @ Sat Jul 25 17:12:28 UTC 2026
// 同步 ID: f74d5e3a @ Sun Jul 26 15:18:27 UTC 2026
// 重构日志: c961ca1a
// 同步 ID: 7a45dd14 @ Wed Jul 29 15:46:47 UTC 2026
// 重构日志: 15c24951
// 重构日志: 1734bd60
// 重构日志: cdcd8128
// 同步 ID: b7028aa1 @ Sun Aug  2 08:19:25 UTC 2026
// 重构日志: 9ae68b78
// 重构日志: a08c3d6d
// 重构日志: 4bc95269
// 重构日志: 1821eca3
// 重构日志: 27506eeb
// 重构日志: 451a999e
// 同步 ID: d5e6d0d6 @ Tue Aug  4 10:27:49 UTC 2026
// 重构日志: 3707c253
// 同步 ID: 50ab70d0 @ Wed Aug  5 15:54:49 UTC 2026
// 同步 ID: 86f28bde @ Thu Aug  6 05:00:09 UTC 2026
// 重构日志: a3e9d5b7
// 重构日志: 7acb738d
// 重构日志: 104e322c
// 同步 ID: 87f3aff9 @ Fri Aug  7 11:33:08 UTC 2026
// 重构日志: ec18ff95
// 重构日志: e6da48d2
// 重构日志: 120d4122
// 重构日志: 755753a7
// 重构日志: 258500c4
// 同步 ID: e06bc2c3 @ Sat Aug  8 09:21:08 UTC 2026
// 重构日志: a76cc5c2
